main.c:102:5:main	16	static
main.c:204:6:SystemClock_Config	96	static
main.c:246:13:MX_SPI2_Init	8	static
main.c:286:13:MX_UART5_Init	8	static
main.c:321:13:MX_USART2_Init	8	static
main.c:355:13:MX_GPIO_Init	48	static
main.c:400:9:sftwRESET	16	static
main.c:416:6:whoami	16	static
main.c:437:6:HAL_UART_RxCpltCallback	288	static
main.c:456:13:Error_Handler_1	8	static
main.c:471:6:lsm6dsm_init	16	static
main.c:528:7:lsm6dsm_from_fs2g_to_mg	16	static
main.c:533:7:lsm6dsm_from_fs4g_to_mg	16	static
main.c:538:7:lsm6dsm_from_fs8g_to_mg	16	static
main.c:543:7:lsm6dsm_from_fs16g_to_mg	16	static
main.c:548:7:lsm6dsm_from_fs500dps_to_mdps	16	static
main.c:553:9:isKthBitSet	16	static
main.c:562:10:lsm6dsm_read_accel	40	static
main.c:650:9:lsm6dsm_acceleration_raw_get	32	static
main.c:666:10:lsm6dsm_read_gyro	40	static
main.c:708:16:lsm6ds3_read	24	static
main.c:723:16:lsm6ds3_write	24	static
main.c:735:6:HAL_GPIO_EXTI_Callback	16	static
main.c:765:6:Error_Handler	4	static,ignoring_inline_asm
