main.c:102:5:main	16	static
main.c:222:6:SystemClock_Config	96	static
main.c:264:13:MX_SPI2_Init	8	static
main.c:304:13:MX_UART5_Init	8	static
main.c:339:13:MX_USART2_Init	8	static
main.c:373:13:MX_GPIO_Init	48	static
main.c:418:9:sftwRESET	16	static
main.c:434:6:whoami	16	static
main.c:455:6:HAL_UART_RxCpltCallback	288	static
main.c:474:13:Error_Handler_1	8	static
main.c:489:6:lsm6dsm_init	16	static
main.c:549:7:lsm6dsm_from_fs2g_to_mg	16	static
main.c:554:7:lsm6dsm_from_fs4g_to_mg	16	static
main.c:559:7:lsm6dsm_from_fs8g_to_mg	16	static
main.c:564:7:lsm6dsm_from_fs16g_to_mg	16	static
main.c:569:7:lsm6dsm_from_fs500dps_to_mdps	16	static
main.c:574:9:isKthBitSet	16	static
main.c:583:10:lsm6dsm_read_accel	40	static
main.c:671:9:lsm6dsm_acceleration_raw_get	32	static
main.c:687:10:lsm6dsm_read_gyro	40	static
main.c:729:16:lsm6ds3_read	24	static
main.c:744:16:lsm6ds3_write	24	static
main.c:756:6:HAL_GPIO_EXTI_Callback	16	static
main.c:786:6:Error_Handler	4	static,ignoring_inline_asm
