main.c:102:5:main	16	static
main.c:198:6:SystemClock_Config	96	static
main.c:241:13:MX_SPI2_Init	8	static
main.c:281:13:MX_UART5_Init	8	static
main.c:316:13:MX_USART2_Init	8	static
main.c:350:13:MX_GPIO_Init	48	static
main.c:395:9:sftwRESET	16	static
main.c:411:6:whoami	16	static
main.c:432:6:HAL_UART_RxCpltCallback	288	static
main.c:451:13:Error_Handler_1	8	static
main.c:466:6:lsm6dsm_init	16	static
main.c:494:7:lsm6dsm_from_fs2g_to_mg	16	static
main.c:499:7:lsm6dsm_from_fs4g_to_mg	16	static
main.c:504:7:lsm6dsm_from_fs8g_to_mg	16	static
main.c:509:7:lsm6dsm_from_fs16g_to_mg	16	static
main.c:514:7:lsm6dsm_from_fs500dps_to_mdps	16	static
main.c:519:9:isKthBitSet	16	static
main.c:528:10:lsm6dsm_read_accel	40	static
main.c:616:9:lsm6dsm_acceleration_raw_get	32	static
main.c:632:10:lsm6dsm_read_gyro	40	static
main.c:674:16:lsm6ds3_read	24	static
main.c:689:16:lsm6ds3_write	24	static
main.c:701:6:HAL_GPIO_EXTI_Callback	16	static
main.c:731:6:Error_Handler	4	static,ignoring_inline_asm
