SensorTile.c:143:10:BSP_GetVersion	4	static
SensorTile.c:156:6:BSP_LED_Init	48	static
SensorTile.c:188:6:BSP_LED_DeInit	16	static
SensorTile.c:203:6:BSP_LED_On	16	static
SensorTile.c:225:6:BSP_LED_Off	16	static
SensorTile.c:247:6:BSP_LED_Toggle	16	static
SensorTile.c:259:13:SD_IO_SPI_MspInit	56	static
SensorTile.c:333:13:SD_IO_SPI_Init_LS	8	static
SensorTile.c:359:13:SD_IO_SPI_Init	8	static
SensorTile.c:391:17:SD_IO_SPI_Read	32	static
SensorTile.c:414:13:SD_IO_SPI_Write	24	static
SensorTile.c:433:13:SD_IO_SPI_Error	8	static
SensorTile.c:450:6:SD_IO_Init	16	static
SensorTile.c:477:6:SD_IO_Init_LS	16	static
SensorTile.c:498:6:SD_IO_CS_Init	32	static
SensorTile.c:513:6:SD_IO_CS_DeInit	32	static
SensorTile.c:531:6:SD_IO_WriteByte	16	static
SensorTile.c:544:6:SD_IO_WriteDMA	16	static
SensorTile.c:560:9:SD_IO_ReadByte	16	static
SensorTile.c:580:9:SD_IO_WriteCmd_wResp	32	static
SensorTile.c:619:19:SD_IO_WriteCmd	32	static
SensorTile.c:654:19:SD_IO_WaitResponse	24	static
SensorTile.c:681:6:SD_IO_WriteDummy	8	static
SensorTile.c:696:9:Sensor_IO_SPI_CS_Init_All	32	static
main.c:51:5:main	40	static
main.c:115:13:Error_Handler_1	8	static
main.c:135:6:SystemClock_Config	96	static
main.c:178:13:MX_SPI2_Init	8	static
main.c:221:13:MX_UART5_Init	8	static
main.c:256:13:MX_USART2_Init	8	static
main.c:290:13:MX_GPIO_Init	24	static
main.c:301:9:getSensorsData	24	static
main.c:333:6:Error_Handler	4	static,ignoring_inline_asm
