SensorTile_motion_sensors.c:36:9:BSP_MOTION_SENSOR_Init	64	static
SensorTile_motion_sensors.c:148:9:BSP_MOTION_SENSOR_DeInit	24	static
SensorTile_motion_sensors.c:174:9:BSP_MOTION_SENSOR_GetCapabilities	24	static
SensorTile_motion_sensors.c:200:9:BSP_MOTION_SENSOR_ReadID	24	static
SensorTile_motion_sensors.c:229:9:BSP_MOTION_SENSOR_Enable	24	static
SensorTile_motion_sensors.c:268:9:BSP_MOTION_SENSOR_Disable	24	static
SensorTile_motion_sensors.c:308:9:BSP_MOTION_SENSOR_GetAxes	32	static
SensorTile_motion_sensors.c:348:9:BSP_MOTION_SENSOR_GetAxesRaw	32	static
SensorTile_motion_sensors.c:388:9:BSP_MOTION_SENSOR_GetSensitivity	32	static
SensorTile_motion_sensors.c:429:9:BSP_MOTION_SENSOR_GetOutputDataRate	32	static
SensorTile_motion_sensors.c:469:9:BSP_MOTION_SENSOR_GetFullScale	32	static
SensorTile_motion_sensors.c:509:9:BSP_MOTION_SENSOR_SetOutputDataRate	32	static
SensorTile_motion_sensors.c:549:9:BSP_MOTION_SENSOR_SetFullScale	32	static
SensorTile_motion_sensors.c:586:16:LSM6DSM_0_Probe	80	static
SensorTile_motion_sensors.c:661:16:BSP_LSM6DSM_Init	40	static
SensorTile_motion_sensors.c:689:16:BSP_LSM6DSM_DeInit	16	static
SensorTile_motion_sensors.c:709:16:BSP_LSM6DSM_WriteReg	32	static
SensorTile_motion_sensors.c:741:16:BSP_LSM6DSM_ReadReg	32	static
SensorTile_motion_sensors.c:776:6:LSM6DSM_SPI_Read_nBytes	24	static,ignoring_inline_asm
SensorTile_motion_sensors.c:817:6:LSM6DSM_SPI_Read	16	static,ignoring_inline_asm
SensorTile_motion_sensors.c:843:6:LSM6DSM_SPI_Write	16	static
