main.c:102:5:main	8	static
main.c:183:6:SystemClock_Config	96	static
main.c:226:13:MX_SPI2_Init	8	static
main.c:266:13:MX_UART5_Init	8	static
main.c:301:13:MX_USART2_Init	8	static
main.c:335:13:MX_GPIO_Init	48	static
main.c:380:9:sftwRESET	16	static
main.c:398:6:whoami	16	static
main.c:419:6:HAL_UART_RxCpltCallback	288	static
main.c:436:13:Error_Handler_1	8	static
main.c:452:6:lsm6dsm_init	16	static
main.c:480:7:lsm6dsm_from_fs2g_to_mg	16	static
main.c:485:7:lsm6dsm_from_fs4g_to_mg	16	static
main.c:490:7:lsm6dsm_from_fs8g_to_mg	16	static
main.c:495:7:lsm6dsm_from_fs16g_to_mg	16	static
main.c:500:7:lsm6dsm_from_fs500dps_to_mdps	16	static
main.c:505:9:isKthBitSet	16	static
main.c:513:9:lsm6dsm_acceleration_raw_get	32	static
main.c:530:16:lsm6ds3_read	24	static
main.c:546:16:lsm6ds3_write	24	static
main.c:559:6:HAL_GPIO_EXTI_Callback	16	static
main.c:571:6:Error_Handler	4	static,ignoring_inline_asm
