SensorTile_env_sensors_ex.c:50:9:BSP_ENV_SENSOR_FIFO_Get_Data	32	static
SensorTile_env_sensors_ex.c:89:9:BSP_ENV_SENSOR_FIFO_Get_Fth_Status	24	static
SensorTile_env_sensors_ex.c:128:9:BSP_ENV_SENSOR_FIFO_Get_Full_Status	24	static
SensorTile_env_sensors_ex.c:167:9:BSP_ENV_SENSOR_FIFO_Get_Num_Samples	24	static
SensorTile_env_sensors_ex.c:206:9:BSP_ENV_SENSOR_FIFO_Get_Ovr_Status	24	static
SensorTile_env_sensors_ex.c:245:9:BSP_ENV_SENSOR_FIFO_Reset_Interrupt	24	static
SensorTile_env_sensors_ex.c:284:9:BSP_ENV_SENSOR_FIFO_Set_Interrupt	24	static
SensorTile_env_sensors_ex.c:323:9:BSP_ENV_SENSOR_FIFO_Set_Mode	24	static
SensorTile_env_sensors_ex.c:362:9:BSP_ENV_SENSOR_FIFO_Set_Watermark_Level	24	static
SensorTile_env_sensors_ex.c:401:9:BSP_ENV_SENSOR_FIFO_Usage	24	static
SensorTile_env_sensors_ex.c:441:9:BSP_ENV_SENSOR_Get_DRDY_Status	32	static
SensorTile_env_sensors_ex.c:524:9:BSP_ENV_SENSOR_Read_Register	32	static
SensorTile_env_sensors_ex.c:571:9:BSP_ENV_SENSOR_Write_Register	24	static
SensorTile_env_sensors_ex.c:616:9:BSP_ENV_SENSOR_Set_One_Shot	24	static
SensorTile_env_sensors_ex.c:662:9:BSP_ENV_SENSOR_Get_One_Shot_Status	24	static
