SensorTile_bus.c:123:9:BSP_I2C3_Init	16	static
SensorTile_bus.c:163:9:BSP_I2C3_DeInit	16	static
SensorTile_bus.c:182:9:BSP_I2C3_IsReady	8	static
SensorTile_bus.c:193:9:BSP_I2C3_WriteReg	48	static
SensorTile_bus.c:212:10:BSP_I2C3_ReadReg	48	static
SensorTile_bus.c:232:9:BSP_I2C3_WriteReg16	48	static
SensorTile_bus.c:251:10:BSP_I2C3_ReadReg16	48	static
SensorTile_bus.c:271:9:BSP_I2C3_Send	32	static
SensorTile_bus.c:288:9:BSP_I2C3_Recv	32	static
SensorTile_bus.c:306:9:BSP_I2C3_SendRecv	32	static
SensorTile_bus.c:330:9:BSP_SPI2_Init	16	static
SensorTile_bus.c:364:9:BSP_SPI2_DeInit	16	static
SensorTile_bus.c:384:9:BSP_SPI2_Send	24	static
SensorTile_bus.c:401:10:BSP_SPI2_Recv	24	static
SensorTile_bus.c:418:9:BSP_SPI2_SendRecv	40	static
SensorTile_bus.c:435:9:BSP_SPI1_Init	16	static
SensorTile_bus.c:469:9:BSP_SPI1_DeInit	16	static
SensorTile_bus.c:489:9:BSP_SPI1_Send	24	static
SensorTile_bus.c:506:10:BSP_SPI1_Recv	24	static
SensorTile_bus.c:523:9:BSP_SPI1_SendRecv	40	static
SensorTile_bus.c:700:9:BSP_GetTick	8	static
SensorTile_bus.c:706:26:MX_SPI2_Init	24	static
SensorTile_bus.c:737:13:SPI2_MspInit	48	static
SensorTile_bus.c:763:13:SPI2_MspDeInit	16	static
SensorTile_bus.c:785:26:MX_I2C3_Init	24	static
SensorTile_bus.c:801:13:I2C3_MspInit	184	static
SensorTile_bus.c:847:13:I2C3_MspDeInit	16	static
SensorTile_bus.c:874:26:MX_SPI1_Init	24	static
SensorTile_bus.c:899:13:SPI1_MspInit	48	static
SensorTile_bus.c:927:13:SPI1_MspDeInit	16	static
